npx : WARNING! Build not running on Vercel. 
System environment variables will not be 
available.
At line:1 char:1
+ npx vercel build --prod --yes > 
build_output.log 2>&1
+ ~~~~~~~~~~~~~~~~~~~~~~~~~~~~~~~~~~~~~~~~~~~~~~~~
~~~~~
    + CategoryInfo          : NotSpecified: (WARN 
   ING! Build ...t be available.:String) [], Rem  
  oteException
    + FullyQualifiedErrorId : NativeCommandError
 
WARNING: You should not upload the `.next` 
directory.
Installing dependencies...

up to date in 1s

148 packages are looking for funding
  run `npm fund` for details
Detected Next.js version: 16.2.1
Running "npm run build"

> bb-revised-app@0.1.0 build
> next build

Γû▓ Next.js 16.2.1 (Turbopack)
- Environments: .env.local, .env

ΓÜá The "middleware" file convention is 
deprecated. Please use "proxy" instead. Learn 
more: https://nextjs.org/docs/messages/middleware-
to-proxy
  Creating an optimized production build ...
Γ£ô Compiled successfully in 12.0s
  Running TypeScript ...
  Finished TypeScript in 19.1s ...
  Collecting page data using 7 workers ...
  Generating static pages using 7 workers (0/188) ...
  Generating static pages using 7 workers (47/188) 
  Generating static pages using 7 workers (94/188) 
  Generating static pages using 7 workers (141/188) 
The width(-1) and height(-1) of chart should be 
greater than 0,
       please check the style of container, or 
the props width(100%) and height(100%),
       or add a minWidth(0) or 
minHeight(undefined) or use aspect(undefined) to 
control the
       height and width.
Γ£ô Generating static pages using 7 workers (188/188) in 1960ms
  Finalizing page optimization ...

Route (app)
Γöî Γùï /
Γö£ Γùï /_not-found
Γö£ Γùï /about
Γö£ Γùï /admin/cms
Γö£ Γùï /admin/crm
Γö£ Γùï /admin/dashboard
Γö£ Γùï /admin/roles
Γö£ ╞Æ /api/admin/dashboard
Γö£ ╞Æ /api/admin/roles/rbac
Γö£ ╞Æ /api/admin/teachers/[userId]
Γö£ ╞Æ /api/affiliate/analytics
Γö£ ╞Æ /api/affiliate/referral/[ref_code]
Γö£ ╞Æ /api/affiliate/referral/generate
Γö£ ╞Æ /api/affiliate/referral/track
Γö£ ╞Æ /api/affiliate/whatsapp/message
Γö£ ╞Æ /api/auth/change-password
Γö£ ╞Æ /api/auth/forgot-password
Γö£ ╞Æ /api/auth/login
Γö£ ╞Æ /api/auth/me
Γö£ ╞Æ /api/auth/signout
Γö£ ╞Æ /api/auth/signup/parent
Γö£ ╞Æ /api/auth/signup/student
Γö£ ╞Æ /api/auth/signup/teacher
Γö£ ╞Æ /api/cms
Γö£ ╞Æ /api/dashboard
Γö£ ╞Æ /api/dashboard/affiliates
Γö£ ╞Æ /api/dashboard/affiliates/students
Γö£ ╞Æ /api/dashboard/affiliates/teachers
Γö£ ╞Æ /api/dashboard/affiliates/withdrawals
Γö£ ╞Æ /api/dashboard/ai
Γö£ ╞Æ /api/dashboard/automation
Γö£ ╞Æ /api/dashboard/cms
Γö£ ╞Æ /api/dashboard/crm
Γö£ ╞Æ /api/dashboard/exams
Γö£ ╞Æ /api/dashboard/exams/detail
Γö£ ╞Æ /api/dashboard/exams/results
Γö£ ╞Æ /api/dashboard/faculty/answer-grading/list
Γö£ ╞Æ /api/dashboard/faculty/answer-grading/process
Γö£ ╞Æ /api/dashboard/faculty/offline-omr/create
Γö£ ╞Æ /api/dashboard/faculty/offline-omr/generate
Γö£ ╞Æ /api/dashboard/faculty/offline-omr/generate-barcode
Γö£ ╞Æ /api/dashboard/faculty/offline-omr/list
Γö£ ╞Æ /api/dashboard/faculty/offline-omr/process
Γö£ ╞Æ /api/dashboard/faculty/offline-omr/process-ai
Γö£ ╞Æ /api/dashboard/live
Γö£ ╞Æ /api/dashboard/material
Γö£ ╞Æ /api/dashboard/messages
Γö£ ╞Æ /api/dashboard/reports
Γö£ ╞Æ /api/dashboard/settings
Γö£ ╞Æ /api/dashboard/staff
Γö£ ╞Æ /api/dashboard/students
Γö£ ╞Æ /api/dashboard/subscription
Γö£ ╞Æ /api/dashboard/syllabus
Γö£ ╞Æ /api/dashboard/teachers
Γö£ ╞Æ /api/dashboard/tenant/academic-year
Γö£ ╞Æ /api/dashboard/tenant/classes
Γö£ ╞Æ /api/dashboard/tenant/divisions
Γö£ ╞Æ /api/dashboard/tenant/promotion/execute
Γö£ ╞Æ /api/dashboard/tenant/promotion/preview
Γö£ ╞Æ /api/dashboard/tenant/promotion/rules
Γö£ ╞Æ /api/dashboard/tenant/structure/mapping
Γö£ ╞Æ /api/dashboard/tenant/subjects
Γö£ ╞Æ /api/dashboard/wallet
Γö£ ╞Æ /api/debug
Γö£ ╞Æ /api/demo-request
Γö£ ╞Æ /api/owner/analytics
Γö£ ╞Æ /api/owner/automation
Γö£ ╞Æ /api/owner/automation/[id]
Γö£ ╞Æ /api/owner/billing
Γö£ ╞Æ /api/owner/cms
Γö£ ╞Æ /api/owner/crm/leads
Γö£ ╞Æ /api/owner/crm/leads/[id]
Γö£ ╞Æ /api/owner/dashboard
Γö£ ╞Æ /api/owner/exams
Γö£ ╞Æ /api/owner/finance
Γö£ ╞Æ /api/owner/finance/commissions
Γö£ ╞Æ /api/owner/finance/payouts
Γö£ ╞Æ /api/owner/finance/plans
Γö£ ╞Æ /api/owner/finance/settings
Γö£ ╞Æ /api/owner/finance/stats
Γö£ ╞Æ /api/owner/finance/withdrawals
Γö£ ╞Æ /api/owner/payments
Γö£ ╞Æ /api/owner/rbac
Γö£ ╞Æ /api/owner/rbac/users/[id]
Γö£ ╞Æ /api/owner/sales/stats
Γö£ ╞Æ /api/owner/sales/templates
Γö£ ╞Æ /api/owner/settings
Γö£ ╞Æ /api/owner/settings/affiliate
Γö£ ╞Æ /api/owner/syllabus
Γö£ ╞Æ /api/owner/syllabus/generate
Γö£ ╞Æ /api/owner/syllabus/templates
Γö£ ╞Æ /api/owner/syllabus/templates/[id]
Γö£ ╞Æ /api/owner/syllabus/upload
Γö£ ╞Æ /api/owner/tenants
Γö£ ╞Æ /api/owner/tenants/[id]
Γö£ ╞Æ /api/owner/wallet-config
Γö£ ╞Æ /api/owner/whatsapp-templates
Γö£ ╞Æ /api/payments/create-order
Γö£ ╞Æ /api/payments/verify
Γö£ ╞Æ /api/student/cart
Γö£ ╞Æ /api/student/custom-exam
Γö£ ╞Æ /api/student/custom-exam/create
Γö£ ╞Æ /api/student/dashboard
Γö£ ╞Æ /api/student/exam/enroll
Γö£ ╞Æ /api/student/exam/start
Γö£ ╞Æ /api/student/profile
Γö£ ╞Æ /api/student/profile/lookup-parent
Γö£ ╞Æ /api/student/syllabus/nodes
Γö£ ╞Æ /api/student/syllabus/subjects
Γö£ ╞Æ /api/student/wallet
Γö£ ╞Æ /api/student/wallet/calculate
Γö£ ╞Æ /api/student/wallet/packages
Γö£ ╞Æ /api/student/wallet/recharge/create-order
Γö£ ╞Æ /api/student/wallet/recharge/verify
Γö£ ╞Æ /api/student/wallet/transactions
Γö£ ╞Æ /api/tenants
Γö£ Γùï /auth/change-password
Γö£ Γùï /auth/forgot-password
Γö£ Γùï /auth/login
Γö£ Γùï /auth/signup
Γö£ ╞Æ /billing
Γö£ Γùï /contact
Γö£ Γùï /dashboard
Γö£ Γùï /dashboard/academy
Γö£ Γùï /dashboard/affiliates
Γö£ Γùï /dashboard/affiliates/hub
Γö£ Γùï /dashboard/affiliates/students
Γö£ Γùï /dashboard/affiliates/teachers
Γö£ Γùï /dashboard/ai
Γö£ Γùï /dashboard/analytics
Γö£ Γùï /dashboard/automation
Γö£ Γùï /dashboard/cms
Γö£ Γùï /dashboard/crm
Γö£ Γùï /dashboard/exams
Γö£ Γùï /dashboard/exams/results
Γö£ ╞Æ /dashboard/exams/results/[id]
Γö£ Γùï /dashboard/faculty/analytics/results-360
Γö£ Γùï /dashboard/faculty/answer-grading
Γö£ Γùï /dashboard/faculty/offline-omr
Γö£ Γùï /dashboard/live
Γö£ Γùï /dashboard/material
Γö£ Γùï /dashboard/messages
Γö£ Γùï /dashboard/reports
Γö£ Γùï /dashboard/settings
Γö£ Γùï /dashboard/staff
Γö£ Γùï /dashboard/student/analytics
Γö£ Γùï /dashboard/student/custom-exam
Γö£ Γùï /dashboard/student/exams
Γö£ ╞Æ /dashboard/student/exams/attempt/[id]
Γö£ Γùï /dashboard/student/materials
Γö£ Γùï /dashboard/student/messages
Γö£ Γùï /dashboard/student/profile
Γö£ Γùï /dashboard/student/results/success
Γö£ Γùï /dashboard/student/wallet
Γö£ Γùï /dashboard/students
Γö£ Γùï /dashboard/subscription
Γö£ Γùï /dashboard/syllabus
Γö£ Γùï /dashboard/teachers
Γö£ Γùï /dashboard/tenant/academic-structure
Γö£ Γùï /dashboard/tenant/academic-year
Γö£ Γùï /dashboard/wallet
Γö£ Γùï /faq
Γö£ Γùï /features
Γö£ Γùï /inquiry
Γö£ Γùï /owner/analytics
Γö£ Γùï /owner/automation
Γö£ Γùï /owner/cms
Γö£ Γùï /owner/crm
Γö£ Γùï /owner/dashboard
Γö£ Γùï /owner/exams
Γö£ Γùï /owner/finance
Γö£ Γùï /owner/finance/commissions
Γö£ Γùï /owner/finance/payouts
Γö£ Γùï /owner/payments
Γö£ Γùï /owner/rbac
Γö£ Γùï /owner/sales
Γö£ Γùï /owner/settings
Γö£ Γùï /owner/settings/affiliate
Γö£ Γùï /owner/settings/finance
Γö£ Γùï /owner/settings/plans
Γö£ Γùï /owner/syllabus
Γö£ Γùï /owner/tenants
Γö£ Γùï /owner/wallet-config
Γö£ Γùï /owner/whatsapp-config
Γö£ Γùï /pricing
Γö£ Γùï /privacy
Γö£ Γùï /refund
Γö£ Γùï /request-demo
Γö£ Γùï /student/analytics
Γö£ Γùï /student/dashboard
Γö£ ╞Æ /student/exams/[examId]/attempt
Γö£ Γùï /student/marketplace
Γö£ Γùï /teacher/exams/new
Γö£ Γùï /teacher/questions
Γö£ Γùï /technology
Γöö Γùï /terms


╞Æ Proxy (Middleware)

Γùï  (Static)   prerendered as static content
╞Æ  (Dynamic)  server-rendered on demand

Tracing initial Next.js server files due to missing build trace: 10.592s
Traced Next.js server files in: 11.186s
Tracing entries due to missing build traces:
[
  "D:/antigravity/BB-Revised/bb-revised-app/.next/server/app/_global-error/page.js",
  "D:/antigravity/BB-Revised/bb-revised-app/.next/server/app/_not-found/page.js",
  "D:/antigravity/BB-Revised/bb-revised-app/.next/server/app/about/page.js",
  "D:/antigravity/BB-Revised/bb-revised-app/.next/server/app/admin/cms/page.js",
  "D:/antigravity/BB-Revised/bb-revised-app/.next/server/app/admin/crm/page.js",
  "D:/antigravity/BB-Revised/bb-revised-app/.next/server/app/admin/dashboard/page.js",
  "D:/antigravity/BB-Revised/bb-revised-app/.next/server/app/admin/roles/page.js",
  "D:/antigravity/BB-Revised/bb-revised-app/.next/server/app/auth/change-password/page.js",
  "D:/antigravity/BB-Revised/bb-revised-app/.next/server/app/auth/forgot-password/page.js",
  "D:/antigravity/BB-Revised/bb-revised-app/.next/server/app/auth/login/page.js",
  "D:/antigravity/BB-Revised/bb-revised-app/.next/server/app/auth/signup/page.js",
  "D:/antigravity/BB-Revised/bb-revised-app/.next/server/app/billing/page.js",
  "D:/antigravity/BB-Revised/bb-revised-app/.next/server/app/contact/page.js",
  "D:/antigravity/BB-Revised/bb-revised-app/.next/server/app/dashboard/academy/page.js",
  "D:/antigravity/BB-Revised/bb-revised-app/.next/server/app/dashboard/affiliates/hub/page.js",
  "D:/antigravity/BB-Revised/bb-revised-app/.next/server/app/dashboard/affiliates/page.js",
  "D:/antigravity/BB-Revised/bb-revised-app/.next/server/app/dashboard/affiliates/students/page.js",
  "D:/antigravity/BB-Revised/bb-revised-app/.next/server/app/dashboard/affiliates/teachers/page.js",
  "D:/antigravity/BB-Revised/bb-revised-app/.next/server/app/dashboard/ai/page.js",
  "D:/antigravity/BB-Revised/bb-revised-app/.next/server/app/dashboard/analytics/page.js",
  "D:/antigravity/BB-Revised/bb-revised-app/.next/server/app/dashboard/automation/page.js",
  "D:/antigravity/BB-Revised/bb-revised-app/.next/server/app/dashboard/cms/page.js",
  "D:/antigravity/BB-Revised/bb-revised-app/.next/server/app/dashboard/crm/page.js",
  "D:/antigravity/BB-Revised/bb-revised-app/.next/server/app/dashboard/exams/page.js",
  "D:/antigravity/BB-Revised/bb-revised-app/.next/server/app/dashboard/exams/results/[id]/page.js",
  "D:/antigravity/BB-Revised/bb-revised-app/.next/server/app/dashboard/exams/results/page.js",
  "D:/antigravity/BB-Revised/bb-revised-app/.next/server/app/dashboard/faculty/analytics/results-360/page.js",
  "D:/antigravity/BB-Revised/bb-revised-app/.next/server/app/dashboard/faculty/answer-grading/page.js",
  "D:/antigravity/BB-Revised/bb-revised-app/.next/server/app/dashboard/faculty/offline-omr/page.js",
  "D:/antigravity/BB-Revised/bb-revised-app/.next/server/app/dashboard/live/page.js",
  "D:/antigravity/BB-Revised/bb-revised-app/.next/server/app/dashboard/material/page.js",
  "D:/antigravity/BB-Revised/bb-revised-app/.next/server/app/dashboard/messages/page.js",
  "D:/antigravity/BB-Revised/bb-revised-app/.next/server/app/dashboard/page.js",
  "D:/antigravity/BB-Revised/bb-revised-app/.next/server/app/dashboard/reports/page.js",
  "D:/antigravity/BB-Revised/bb-revised-app/.next/server/app/dashboard/settings/page.js",
  "D:/antigravity/BB-Revised/bb-revised-app/.next/server/app/dashboard/staff/page.js",
  "D:/antigravity/BB-Revised/bb-revised-app/.next/server/app/dashboard/student/analytics/page.js",
  "D:/antigravity/BB-Revised/bb-revised-app/.next/server/app/dashboard/student/custom-exam/page.js",
  "D:/antigravity/BB-Revised/bb-revised-app/.next/server/app/dashboard/student/exams/attempt/[id]/page.js",
  "D:/antigravity/BB-Revised/bb-revised-app/.next/server/app/dashboard/student/exams/page.js",
  "D:/antigravity/BB-Revised/bb-revised-app/.next/server/app/dashboard/student/materials/page.js",
  "D:/antigravity/BB-Revised/bb-revised-app/.next/server/app/dashboard/student/messages/page.js",
  "D:/antigravity/BB-Revised/bb-revised-app/.next/server/app/dashboard/student/profile/page.js",
  "D:/antigravity/BB-Revised/bb-revised-app/.next/server/app/dashboard/student/results/success/page.js",
  "D:/antigravity/BB-Revised/bb-revised-app/.next/server/app/dashboard/student/wallet/page.js",
  "D:/antigravity/BB-Revised/bb-revised-app/.next/server/app/dashboard/students/page.js",
  "D:/antigravity/BB-Revised/bb-revised-app/.next/server/app/dashboard/subscription/page.js",
  "D:/antigravity/BB-Revised/bb-revised-app/.next/server/app/dashboard/syllabus/page.js",
  "D:/antigravity/BB-Revised/bb-revised-app/.next/server/app/dashboard/teachers/page.js",
  "D:/antigravity/BB-Revised/bb-revised-app/.next/server/app/dashboard/tenant/academic-structure/page.js",
  "D:/antigravity/BB-Revised/bb-revised-app/.next/server/app/dashboard/tenant/academic-year/page.js",
  "D:/antigravity/BB-Revised/bb-revised-app/.next/server/app/dashboard/wallet/page.js",
  "D:/antigravity/BB-Revised/bb-revised-app/.next/server/app/faq/page.js",
  "D:/antigravity/BB-Revised/bb-revised-app/.next/server/app/features/page.js",
  "D:/antigravity/BB-Revised/bb-revised-app/.next/server/app/inquiry/page.js",
  "D:/antigravity/BB-Revised/bb-revised-app/.next/server/app/owner/analytics/page.js",
  "D:/antigravity/BB-Revised/bb-revised-app/.next/server/app/owner/automation/page.js",
  "D:/antigravity/BB-Revised/bb-revised-app/.next/server/app/owner/cms/page.js",
  "D:/antigravity/BB-Revised/bb-revised-app/.next/server/app/owner/crm/page.js",
  "D:/antigravity/BB-Revised/bb-revised-app/.next/server/app/owner/dashboard/page.js",
  "D:/antigravity/BB-Revised/bb-revised-app/.next/server/app/owner/exams/page.js",
  "D:/antigravity/BB-Revised/bb-revised-app/.next/server/app/owner/finance/commissions/page.js",
  "D:/antigravity/BB-Revised/bb-revised-app/.next/server/app/owner/finance/page.js",
  "D:/antigravity/BB-Revised/bb-revised-app/.next/server/app/owner/finance/payouts/page.js",
  "D:/antigravity/BB-Revised/bb-revised-app/.next/server/app/owner/payments/page.js",
  "D:/antigravity/BB-Revised/bb-revised-app/.next/server/app/owner/rbac/page.js",
  "D:/antigravity/BB-Revised/bb-revised-app/.next/server/app/owner/sales/page.js",
  "D:/antigravity/BB-Revised/bb-revised-app/.next/server/app/owner/settings/affiliate/page.js",
  "D:/antigravity/BB-Revised/bb-revised-app/.next/server/app/owner/settings/finance/page.js",
  "D:/antigravity/BB-Revised/bb-revised-app/.next/server/app/owner/settings/page.js",
  "D:/antigravity/BB-Revised/bb-revised-app/.next/server/app/owner/settings/plans/page.js",
  "D:/antigravity/BB-Revised/bb-revised-app/.next/server/app/owner/syllabus/page.js",
  "D:/antigravity/BB-Revised/bb-revised-app/.next/server/app/owner/tenants/page.js",
  "D:/antigravity/BB-Revised/bb-revised-app/.next/server/app/owner/wallet-config/page.js",
  "D:/antigravity/BB-Revised/bb-revised-app/.next/server/app/owner/whatsapp-config/page.js",
  "D:/antigravity/BB-Revised/bb-revised-app/.next/server/app/pricing/page.js",
  "D:/antigravity/BB-Revised/bb-revised-app/.next/server/app/privacy/page.js",
  "D:/antigravity/BB-Revised/bb-revised-app/.next/server/app/refund/page.js",
  "D:/antigravity/BB-Revised/bb-revised-app/.next/server/app/request-demo/page.js",
  "D:/antigravity/BB-Revised/bb-revised-app/.next/server/app/student/analytics/page.js",
  "D:/antigravity/BB-Revised/bb-revised-app/.next/server/app/student/dashboard/page.js",
  "D:/antigravity/BB-Revised/bb-revised-app/.next/server/app/student/exams/[examId]/attempt/page.js",
  "D:/antigravity/BB-Revised/bb-revised-app/.next/server/app/student/marketplace/page.js",
  "D:/antigravity/BB-Revised/bb-revised-app/.next/server/app/teacher/exams/new/page.js",
  "D:/antigravity/BB-Revised/bb-revised-app/.next/server/app/teacher/questions/page.js",
  "D:/antigravity/BB-Revised/bb-revised-app/.next/server/app/technology/page.js",
  "D:/antigravity/BB-Revised/bb-revised-app/.next/server/app/terms/page.js",
  "D:/antigravity/BB-Revised/bb-revised-app/.next/server/app/api/admin/dashboard/route.js",
  "D:/antigravity/BB-Revised/bb-revised-app/.next/server/app/api/admin/roles/rbac/route.js",
  "D:/antigravity/BB-Revised/bb-revised-app/.next/server/app/api/admin/teachers/[userId]/route.js",
  "D:/antigravity/BB-Revised/bb-revised-app/.next/server/app/api/affiliate/analytics/route.js",
  "D:/antigravity/BB-Revised/bb-revised-app/.next/server/app/api/affiliate/referral/[ref_code]/route.js",
  "D:/antigravity/BB-Revised/bb-revised-app/.next/server/app/api/affiliate/referral/generate/route.js",
  "D:/antigravity/BB-Revised/bb-revised-app/.next/server/app/api/affiliate/referral/track/route.js",
  "D:/antigravity/BB-Revised/bb-revised-app/.next/server/app/api/affiliate/whatsapp/message/route.js",
  "D:/antigravity/BB-Revised/bb-revised-app/.next/server/app/api/auth/change-password/route.js",
  "D:/antigravity/BB-Revised/bb-revised-app/.next/server/app/api/auth/forgot-password/route.js",
  "D:/antigravity/BB-Revised/bb-revised-app/.next/server/app/api/auth/login/route.js",
  "D:/antigravity/BB-Revised/bb-revised-app/.next/server/app/api/auth/me/route.js",
  "D:/antigravity/BB-Revised/bb-revised-app/.next/server/app/api/auth/signout/route.js",
  "D:/antigravity/BB-Revised/bb-revised-app/.next/server/app/api/auth/signup/parent/route.js",
  "D:/antigravity/BB-Revised/bb-revised-app/.next/server/app/api/auth/signup/student/route.js",
  "D:/antigravity/BB-Revised/bb-revised-app/.next/server/app/api/auth/signup/teacher/route.js",
  "D:/antigravity/BB-Revised/bb-revised-app/.next/server/app/api/cms/route.js",
  "D:/antigravity/BB-Revised/bb-revised-app/.next/server/app/api/dashboard/affiliates/route.js",
  "D:/antigravity/BB-Revised/bb-revised-app/.next/server/app/api/dashboard/affiliates/students/route.js",
  "D:/antigravity/BB-Revised/bb-revised-app/.next/server/app/api/dashboard/affiliates/teachers/route.js",
  "D:/antigravity/BB-Revised/bb-revised-app/.next/server/app/api/dashboard/affiliates/withdrawals/route.js",
  "D:/antigravity/BB-Revised/bb-revised-app/.next/server/app/api/dashboard/ai/route.js",
  "D:/antigravity/BB-Revised/bb-revised-app/.next/server/app/api/dashboard/automation/route.js",
  "D:/antigravity/BB-Revised/bb-revised-app/.next/server/app/api/dashboard/cms/route.js",
  "D:/antigravity/BB-Revised/bb-revised-app/.next/server/app/api/dashboard/crm/route.js",
  "D:/antigravity/BB-Revised/bb-revised-app/.next/server/app/api/dashboard/exams/detail/route.js",
  "D:/antigravity/BB-Revised/bb-revised-app/.next/server/app/api/dashboard/exams/results/route.js",
  "D:/antigravity/BB-Revised/bb-revised-app/.next/server/app/api/dashboard/exams/route.js",
  "D:/antigravity/BB-Revised/bb-revised-app/.next/server/app/api/dashboard/faculty/answer-grading/list/route.js",
  "D:/antigravity/BB-Revised/bb-revised-app/.next/server/app/api/dashboard/faculty/answer-grading/process/route.js",
  "D:/antigravity/BB-Revised/bb-revised-app/.next/server/app/api/dashboard/faculty/offline-omr/create/route.js",
  "D:/antigravity/BB-Revised/bb-revised-app/.next/server/app/api/dashboard/faculty/offline-omr/generate-barcode/route.js",
  "D:/antigravity/BB-Revised/bb-revised-app/.next/server/app/api/dashboard/faculty/offline-omr/generate/route.js",
  "D:/antigravity/BB-Revised/bb-revised-app/.next/server/app/api/dashboard/faculty/offline-omr/list/route.js",
  "D:/antigravity/BB-Revised/bb-revised-app/.next/server/app/api/dashboard/faculty/offline-omr/process-ai/route.js",
  "D:/antigravity/BB-Revised/bb-revised-app/.next/server/app/api/dashboard/faculty/offline-omr/process/route.js",
  "D:/antigravity/BB-Revised/bb-revised-app/.next/server/app/api/dashboard/live/route.js",
  "D:/antigravity/BB-Revised/bb-revised-app/.next/server/app/api/dashboard/material/route.js",
  "D:/antigravity/BB-Revised/bb-revised-app/.next/server/app/api/dashboard/messages/route.js",
  "D:/antigravity/BB-Revised/bb-revised-app/.next/server/app/api/dashboard/reports/route.js",
  "D:/antigravity/BB-Revised/bb-revised-app/.next/server/app/api/dashboard/route.js",
  "D:/antigravity/BB-Revised/bb-revised-app/.next/server/app/api/dashboard/settings/route.js",
  "D:/antigravity/BB-Revised/bb-revised-app/.next/server/app/api/dashboard/staff/route.js",
  "D:/antigravity/BB-Revised/bb-revised-app/.next/server/app/api/dashboard/students/route.js",
  "D:/antigravity/BB-Revised/bb-revised-app/.next/server/app/api/dashboard/subscription/route.js",
  "D:/antigravity/BB-Revised/bb-revised-app/.next/server/app/api/dashboard/syllabus/route.js",
  "D:/antigravity/BB-Revised/bb-revised-app/.next/server/app/api/dashboard/teachers/route.js",
  "D:/antigravity/BB-Revised/bb-revised-app/.next/server/app/api/dashboard/tenant/academic-year/route.js",
  "D:/antigravity/BB-Revised/bb-revised-app/.next/server/app/api/dashboard/tenant/classes/route.js",
  "D:/antigravity/BB-Revised/bb-revised-app/.next/server/app/api/dashboard/tenant/divisions/route.js",
  "D:/antigravity/BB-Revised/bb-revised-app/.next/server/app/api/dashboard/tenant/promotion/execute/route.js",
  "D:/antigravity/BB-Revised/bb-revised-app/.next/server/app/api/dashboard/tenant/promotion/preview/route.js",
  "D:/antigravity/BB-Revised/bb-revised-app/.next/server/app/api/dashboard/tenant/promotion/rules/route.js",
  "D:/antigravity/BB-Revised/bb-revised-app/.next/server/app/api/dashboard/tenant/structure/mapping/route.js",
  "D:/antigravity/BB-Revised/bb-revised-app/.next/server/app/api/dashboard/tenant/subjects/route.js",
  "D:/antigravity/BB-Revised/bb-revised-app/.next/server/app/api/dashboard/wallet/route.js",
  "D:/antigravity/BB-Revised/bb-revised-app/.next/server/app/api/debug/route.js",
  "D:/antigravity/BB-Revised/bb-revised-app/.next/server/app/api/demo-request/route.js",
  "D:/antigravity/BB-Revised/bb-revised-app/.next/server/app/api/owner/analytics/route.js",
  "D:/antigravity/BB-Revised/bb-revised-app/.next/server/app/api/owner/automation/[id]/route.js",
  "D:/antigravity/BB-Revised/bb-revised-app/.next/server/app/api/owner/automation/route.js",
  "D:/antigravity/BB-Revised/bb-revised-app/.next/server/app/api/owner/billing/route.js",
  "D:/antigravity/BB-Revised/bb-revised-app/.next/server/app/api/owner/cms/route.js",
  "D:/antigravity/BB-Revised/bb-revised-app/.next/server/app/api/owner/crm/leads/[id]/route.js",
  "D:/antigravity/BB-Revised/bb-revised-app/.next/server/app/api/owner/crm/leads/route.js",
  "D:/antigravity/BB-Revised/bb-revised-app/.next/server/app/api/owner/dashboard/route.js",
  "D:/antigravity/BB-Revised/bb-revised-app/.next/server/app/api/owner/exams/route.js",
  "D:/antigravity/BB-Revised/bb-revised-app/.next/server/app/api/owner/finance/commissions/route.js",
  "D:/antigravity/BB-Revised/bb-revised-app/.next/server/app/api/owner/finance/payouts/route.js",
  "D:/antigravity/BB-Revised/bb-revised-app/.next/server/app/api/owner/finance/plans/route.js",
  "D:/antigravity/BB-Revised/bb-revised-app/.next/server/app/api/owner/finance/route.js",
  "D:/antigravity/BB-Revised/bb-revised-app/.next/server/app/api/owner/finance/settings/route.js",
  "D:/antigravity/BB-Revised/bb-revised-app/.next/server/app/api/owner/finance/stats/route.js",
  "D:/antigravity/BB-Revised/bb-revised-app/.next/server/app/api/owner/finance/withdrawals/route.js",
  "D:/antigravity/BB-Revised/bb-revised-app/.next/server/app/api/owner/payments/route.js",
  "D:/antigravity/BB-Revised/bb-revised-app/.next/server/app/api/owner/rbac/route.js",
  "D:/antigravity/BB-Revised/bb-revised-app/.next/server/app/api/owner/rbac/users/[id]/route.js",
  "D:/antigravity/BB-Revised/bb-revised-app/.next/server/app/api/owner/sales/stats/route.js",
  "D:/antigravity/BB-Revised/bb-revised-app/.next/server/app/api/owner/sales/templates/route.js",
  "D:/antigravity/BB-Revised/bb-revised-app/.next/server/app/api/owner/settings/affiliate/route.js",
  "D:/antigravity/BB-Revised/bb-revised-app/.next/server/app/api/owner/settings/route.js",
  "D:/antigravity/BB-Revised/bb-revised-app/.next/server/app/api/owner/syllabus/generate/route.js",
  "D:/antigravity/BB-Revised/bb-revised-app/.next/server/app/api/owner/syllabus/route.js",
  "D:/antigravity/BB-Revised/bb-revised-app/.next/server/app/api/owner/syllabus/templates/[id]/route.js",
  "D:/antigravity/BB-Revised/bb-revised-app/.next/server/app/api/owner/syllabus/templates/route.js",
  "D:/antigravity/BB-Revised/bb-revised-app/.next/server/app/api/owner/syllabus/upload/route.js",
  "D:/antigravity/BB-Revised/bb-revised-app/.next/server/app/api/owner/tenants/[id]/route.js",
  "D:/antigravity/BB-Revised/bb-revised-app/.next/server/app/api/owner/tenants/route.js",
  "D:/antigravity/BB-Revised/bb-revised-app/.next/server/app/api/owner/wallet-config/route.js",
  "D:/antigravity/BB-Revised/bb-revised-app/.next/server/app/api/owner/whatsapp-templates/route.js",
  "D:/antigravity/BB-Revised/bb-revised-app/.next/server/app/api/payments/create-order/route.js",
  "D:/antigravity/BB-Revised/bb-revised-app/.next/server/app/api/payments/verify/route.js",
  "D:/antigravity/BB-Revised/bb-revised-app/.next/server/app/api/student/cart/route.js",
  "D:/antigravity/BB-Revised/bb-revised-app/.next/server/app/api/student/custom-exam/create/route.js",
  "D:/antigravity/BB-Revised/bb-revised-app/.next/server/app/api/student/custom-exam/route.js",
  "D:/antigravity/BB-Revised/bb-revised-app/.next/server/app/api/student/dashboard/route.js",
  "D:/antigravity/BB-Revised/bb-revised-app/.next/server/app/api/student/exam/enroll/route.js",
  "D:/antigravity/BB-Revised/bb-revised-app/.next/server/app/api/student/exam/start/route.js",
  "D:/antigravity/BB-Revised/bb-revised-app/.next/server/app/api/student/profile/lookup-parent/route.js",
  "D:/antigravity/BB-Revised/bb-revised-app/.next/server/app/api/student/profile/route.js",
  "D:/antigravity/BB-Revised/bb-revised-app/.next/server/app/api/student/syllabus/nodes/route.js",
  "D:/antigravity/BB-Revised/bb-revised-app/.next/server/app/api/student/syllabus/subjects/route.js",
  "D:/antigravity/BB-Revised/bb-revised-app/.next/server/app/api/student/wallet/calculate/route.js",
  "D:/antigravity/BB-Revised/bb-revised-app/.next/server/app/api/student/wallet/packages/route.js",
  "D:/antigravity/BB-Revised/bb-revised-app/.next/server/app/api/student/wallet/recharge/create-order/route.js",
  "D:/antigravity/BB-Revised/bb-revised-app/.next/server/app/api/student/wallet/recharge/verify/route.js",
  "D:/antigravity/BB-Revised/bb-revised-app/.next/server/app/api/student/wallet/route.js",
  "D:/antigravity/BB-Revised/bb-revised-app/.next/server/app/api/student/wallet/transactions/route.js",
  "D:/antigravity/BB-Revised/bb-revised-app/.next/server/app/api/tenants/route.js",
  "D:/antigravity/BB-Revised/bb-revised-app/.next/server/app/favicon.ico/route.js"
]: 167.964ms
Created all serverless functions in: 306.646ms
Error: Unable to find lambda for route: /admin/cms
